This is pdfTeX, Version 3.141592653-2.6-1.40.29 (TeX Live 2026) (preloaded format=latex 2026.6.11)  12 AUG 2026 11:12
entering extended mode
 restricted \write18 enabled.
 %&-line parsing enabled.
**/tmp/standalone/standalone.ins
(/tmp/standalone/standalone.ins
LaTeX2e <2025-11-01>
L3 programming layer <2026-01-19>
! I can't find file `ydocstrip.tex'.
l.1 \input ydocstrip.tex
                        
(Press Enter to retry, or Control-D to exit)
Please type another input file name: 
! Emergency stop.
l.1 
    
End of file on the terminal!

 
Here is how much of TeX's memory you used:
 17 strings out of 469007
 415 string characters out of 5454839
 433753 words of memory out of 5000000
 28810 multiletter control sequences out of 15000+600000
 627721 words of font info for 40 fonts, out of 8000000 for 9000
 319 hyphenation exceptions out of 8191
 12i,0n,13p,82b,8s stack positions out of 10000i,1000n,20000p,200000b,200000s
No pages of output.
